****************************************
Report : Switching Activity
	
Design : tpu_top
Version: M-2016.12-SP1
Date   : Wed Jun 17 20:43:01 2026
****************************************

 Switching Activity Overview Statistics for "tpu_top"
----------------------------------------------------------------------------------------------------------------------------------------------------
                  From Activity     From         From         From                                                         Not
Object Type       File (%)          SSA (%)      SCA (%)      Clock (%)    Default (%)     Propagated(%)   Implied(%)      Annotated(%)    Total
----------------------------------------------------------------------------------------------------------------------------------------------------
 Nets             10028(100.00%)    0(0.00%)     0(0.00%)     0(0.00%)     0(0.00%)        0(0.00%)        0(0.00%)        0(0.00%)        10028
----------------------------------------------------------------------------------------------------------------------------------------------------
Nets Driven by
----------------------------------------------------------------------------------------------------------------------------------------------------
Primary Input     136(100.00%)      0(0.00%)     0(0.00%)     0(0.00%)     0(0.00%)        0(0.00%)        0(0.00%)        0(0.00%)        136
Tri-State         0(0%)             0(0%)        0(0%)        0(0%)        0(0%)           0(0%)           0(0%)           0(0%)           0
Black Box         0(0%)             0(0%)        0(0%)        0(0%)        0(0%)           0(0%)           0(0%)           0(0%)           0
Sequential        1273(100.00%)     0(0.00%)     0(0.00%)     0(0.00%)     0(0.00%)        0(0.00%)        0(0.00%)        0(0.00%)        1273
Combinational     8619(100.00%)     0(0.00%)     0(0.00%)     0(0.00%)     0(0.00%)        0(0.00%)        0(0.00%)        0(0.00%)        8619
Memory            0(0%)             0(0%)        0(0%)        0(0%)        0(0%)           0(0%)           0(0%)           0(0%)           0
Clock Gate        0(0%)             0(0%)        0(0%)        0(0%)        0(0%)           0(0%)           0(0%)           0(0%)           0
----------------------------------------------------------------------------------------------------------------------------------------------------
 Static Probability Overview Statistics for "tpu_top"
----------------------------------------------------------------------------------------------------------------------------------------------------
                  From Activity     From         From         From                                                         Not
Object Type       File (%)          SSA (%)      SCA (%)      Clock (%)    Default (%)     Propagated(%)   Implied(%)      Annotated(%)    Total
----------------------------------------------------------------------------------------------------------------------------------------------------
 Nets             10028(100.00%)    0(0.00%)     0(0.00%)     0(0.00%)     0(0.00%)        0(0.00%)        0(0.00%)        0(0.00%)        10028
----------------------------------------------------------------------------------------------------------------------------------------------------
Nets Driven by
----------------------------------------------------------------------------------------------------------------------------------------------------
Primary Input     136(100.00%)      0(0.00%)     0(0.00%)     0(0.00%)     0(0.00%)        0(0.00%)        0(0.00%)        0(0.00%)        136
Tri-State         0(0%)             0(0%)        0(0%)        0(0%)        0(0%)           0(0%)           0(0%)           0(0%)           0
Black Box         0(0%)             0(0%)        0(0%)        0(0%)        0(0%)           0(0%)           0(0%)           0(0%)           0
Sequential        1273(100.00%)     0(0.00%)     0(0.00%)     0(0.00%)     0(0.00%)        0(0.00%)        0(0.00%)        0(0.00%)        1273
Combinational     8619(100.00%)     0(0.00%)     0(0.00%)     0(0.00%)     0(0.00%)        0(0.00%)        0(0.00%)        0(0.00%)        8619
Memory            0(0%)             0(0%)        0(0%)        0(0%)        0(0%)           0(0%)           0(0%)           0(0%)           0
Clock Gate        0(0%)             0(0%)        0(0%)        0(0%)        0(0%)           0(0%)           0(0%)           0(0%)           0
----------------------------------------------------------------------------------------------------------------------------------------------------
1
